==================================== INPUT ====================================
query fragmentWithDeferArguments_QueryWithFragmentWithDeferQuery {
  me {
    id
    ...fragmentWithDeferArguments_UserFragment
  }
}

fragment fragmentWithDeferArguments_UserFragment on User {
  id
  emailAddresses
  ...fragmentWithDeferArguments_DeferredFragment
    @defer(label: "DeferredFragmentLabel")
    @arguments(scale: 1.5)
}

fragment fragmentWithDeferArguments_DeferredFragment on User @argumentDefinitions(scale: {type: "Float"}) {
  id
  name
  profile_picture(scale: $scale) {
    uri
  }
}
==================================== OUTPUT ===================================
{
  "fragment": {
    "argumentDefinitions": [],
    "directives": null,
    "kind": "Fragment",
    "metadata": null,
    "name": "fragmentWithDeferArguments_QueryWithFragmentWithDeferQuery",
    "selections": [
      {
        "alias": null,
        "args": null,
        "concreteType": "User",
        "directives": null,
        "kind": "LinkedField",
        "name": "me",
        "plural": false,
        "selections": [
          {
            "alias": null,
            "args": null,
            "kind": "ScalarField",
            "name": "id",
            "directives": null,
            "storageKey": null
          },
          {
            "args": null,
            "kind": "FragmentSpread",
            "name": "fragmentWithDeferArguments_UserFragment"
          }
        ],
        "storageKey": null
      }
    ],
    "type": "Query",
    "abstractKey": null
  },
  "kind": "Request",
  "operation": {
    "argumentDefinitions": [],
    "directives": null,
    "kind": "Operation",
    "name": "fragmentWithDeferArguments_QueryWithFragmentWithDeferQuery",
    "selections": [
      {
        "alias": null,
        "args": null,
        "concreteType": "User",
        "directives": null,
        "kind": "LinkedField",
        "name": "me",
        "plural": false,
        "selections": [
          {
            "alias": null,
            "args": null,
            "kind": "ScalarField",
            "name": "id",
            "directives": null,
            "storageKey": null
          },
          {
            "alias": null,
            "args": null,
            "kind": "ScalarField",
            "name": "emailAddresses",
            "directives": null,
            "storageKey": null
          },
          {
            "if": null,
            "kind": "Defer",
            "label": "fragmentWithDeferArguments_UserFragment$defer$DeferredFragmentLabel",
            "selections": [
              {
                "alias": null,
                "args": null,
                "kind": "ScalarField",
                "name": "id",
                "directives": null,
                "storageKey": null
              },
              {
                "alias": null,
                "args": null,
                "kind": "ScalarField",
                "name": "name",
                "directives": null,
                "storageKey": null
              },
              {
                "alias": null,
                "args": [
                  {
                    "kind": "Literal",
                    "name": "scale",
                    "value": 1.5
                  }
                ],
                "concreteType": "Image",
                "directives": null,
                "kind": "LinkedField",
                "name": "profile_picture",
                "plural": false,
                "selections": [
                  {
                    "alias": null,
                    "args": null,
                    "kind": "ScalarField",
                    "name": "uri",
                    "directives": null,
                    "storageKey": null
                  }
                ],
                "storageKey": "profile_picture(scale:1.5)"
              }
            ]
          }
        ],
        "storageKey": null
      }
    ]
  },
  "params": {
    "cacheID": "ab026ec3f4ca2aa43f0906fd03f467b0",
    "id": null,
    "metadata": {},
    "name": "fragmentWithDeferArguments_QueryWithFragmentWithDeferQuery",
    "operationKind": "query",
    "text": null
  }
}

QUERY:

query fragmentWithDeferArguments_QueryWithFragmentWithDeferQuery {
  me {
    id
    ...fragmentWithDeferArguments_UserFragment
  }
}

fragment fragmentWithDeferArguments_DeferredFragment_QMvSr on User {
  id
  name
  profile_picture(scale: 1.5) {
    uri
  }
}

fragment fragmentWithDeferArguments_UserFragment on User {
  id
  emailAddresses
  ...fragmentWithDeferArguments_DeferredFragment_QMvSr @defer(label: "fragmentWithDeferArguments_UserFragment$defer$DeferredFragmentLabel")
}


{
  "argumentDefinitions": [
    {
      "defaultValue": null,
      "kind": "LocalArgument",
      "name": "scale"
    }
  ],
  "directives": null,
  "kind": "Fragment",
  "metadata": null,
  "name": "fragmentWithDeferArguments_DeferredFragment",
  "selections": [
    {
      "alias": null,
      "args": null,
      "kind": "ScalarField",
      "name": "id",
      "directives": null,
      "storageKey": null
    },
    {
      "alias": null,
      "args": null,
      "kind": "ScalarField",
      "name": "name",
      "directives": null,
      "storageKey": null
    },
    {
      "alias": null,
      "args": [
        {
          "kind": "Variable",
          "name": "scale",
          "variableName": "scale"
        }
      ],
      "concreteType": "Image",
      "directives": null,
      "kind": "LinkedField",
      "name": "profile_picture",
      "plural": false,
      "selections": [
        {
          "alias": null,
          "args": null,
          "kind": "ScalarField",
          "name": "uri",
          "directives": null,
          "storageKey": null
        }
      ],
      "storageKey": null
    }
  ],
  "type": "User",
  "abstractKey": null
}

{
  "argumentDefinitions": [],
  "directives": null,
  "kind": "Fragment",
  "metadata": null,
  "name": "fragmentWithDeferArguments_UserFragment",
  "selections": [
    {
      "alias": null,
      "args": null,
      "kind": "ScalarField",
      "name": "id",
      "directives": null,
      "storageKey": null
    },
    {
      "alias": null,
      "args": null,
      "kind": "ScalarField",
      "name": "emailAddresses",
      "directives": null,
      "storageKey": null
    },
    {
      "kind": "Defer",
      "selections": [
        {
          "args": [
            {
              "kind": "Literal",
              "name": "scale",
              "value": 1.5
            }
          ],
          "kind": "FragmentSpread",
          "name": "fragmentWithDeferArguments_DeferredFragment"
        }
      ]
    }
  ],
  "type": "User",
  "abstractKey": null
}
