==================================== INPUT ====================================
fragment MyFragment on Node  {
  id
  ... on User @catch(to: RESULT) @alias {
    name
  }
}
==================================== OUTPUT ===================================
{
  "argumentDefinitions": [],
  "directives": null,
  "kind": "Fragment",
  "metadata": null,
  "name": "MyFragment",
  "selections": [
    {
      "alias": null,
      "args": null,
      "kind": "ScalarField",
      "name": "id",
      "directives": null,
      "storageKey": null
    },
    {
      "kind": "CatchField",
      "field": {
        "fragment": {
          "kind": "InlineFragment",
          "selections": [
            {
              "alias": null,
              "args": null,
              "kind": "ScalarField",
              "name": "name",
              "directives": null,
              "storageKey": null
            }
          ],
          "type": "User",
          "abstractKey": null
        },
        "kind": "AliasedInlineFragmentSpread",
        "name": "User"
      },
      "to": "RESULT"
    }
  ],
  "type": "Node",
  "abstractKey": "__isNode"
}
