==================================== INPUT ====================================
fragment MyFragment on User {
  address @catch {
    street @catch
  }
}
==================================== OUTPUT ===================================
{
  "argumentDefinitions": [],
  "directives": null,
  "kind": "Fragment",
  "metadata": null,
  "name": "MyFragment",
  "selections": [
    {
      "kind": "CatchField",
      "field": {
        "alias": null,
        "args": null,
        "concreteType": "StreetAddress",
        "directives": null,
        "kind": "LinkedField",
        "name": "address",
        "plural": false,
        "selections": [
          {
            "kind": "CatchField",
            "field": {
              "alias": null,
              "args": null,
              "kind": "ScalarField",
              "name": "street",
              "directives": null,
              "storageKey": null
            },
            "to": "RESULT"
          }
        ],
        "storageKey": null
      },
      "to": "RESULT"
    }
  ],
  "type": "User",
  "abstractKey": null
}
