==================================== INPUT ====================================
fragment MyFragmentFirst on User {
  parents @catch(to: NULL) {
    id
    lastName @catch(to: RESULT)
  }
}
==================================== OUTPUT ===================================
{
  "argumentDefinitions": [],
  "directives": null,
  "kind": "Fragment",
  "metadata": null,
  "name": "MyFragmentFirst",
  "selections": [
    {
      "kind": "CatchField",
      "field": {
        "alias": null,
        "args": null,
        "concreteType": "User",
        "directives": null,
        "kind": "LinkedField",
        "name": "parents",
        "plural": true,
        "selections": [
          {
            "alias": null,
            "args": null,
            "kind": "ScalarField",
            "name": "id",
            "directives": null,
            "storageKey": null
          },
          {
            "kind": "CatchField",
            "field": {
              "alias": null,
              "args": null,
              "kind": "ScalarField",
              "name": "lastName",
              "directives": null,
              "storageKey": null
            },
            "to": "RESULT"
          }
        ],
        "storageKey": null
      },
      "to": "NULL"
    }
  ],
  "type": "User",
  "abstractKey": null
}
