==================================== INPUT ====================================
fragment MyFragment on Node {
  id
  name @catch(to: NULL)
}
==================================== OUTPUT ===================================
{
  "argumentDefinitions": [],
  "directives": null,
  "kind": "Fragment",
  "metadata": null,
  "name": "MyFragment",
  "selections": [
    {
      "alias": null,
      "args": null,
      "kind": "ScalarField",
      "name": "id",
      "directives": null,
      "storageKey": null
    },
    {
      "kind": "CatchField",
      "field": {
        "alias": null,
        "args": null,
        "kind": "ScalarField",
        "name": "name",
        "directives": null,
        "storageKey": null
      },
      "to": "NULL"
    }
  ],
  "type": "Node",
  "abstractKey": "__isNode"
}
